Turbo Assembler	 Version 4.1	    02/11/26 17:24:10	    Page 1
a.asm



      1	0000			     .model tiny
      2	0000			     .code
      3				     org 100h
      4
      5	0100			     hui:
      6	0100  B8 B800			 mov  ax, 0b800h			  ;video segment
      7	0103  8E C0			 mov  es, ax
      8
      9	0105  E8 001E			 call half_column
     10
     11	0108  E8 002B			 call half_string
     12
     13	010B  E8 0038			 call half_cmd_string
     14
     15	010E  2B C8			 sub  cx, ax
     16
     17	0110  E8 0041			 call calc_adress
     18
     19	0113  26: C6 07	CC		 mov  byte ptr es:[bx],	(4ch or	80h)
     20	0117  26: C6 47	01 21		 mov  byte ptr es:[bx +	1], 21h
     21	011C  26: C6 47	01 CC		 mov  byte ptr es:[bx +	1], (4ch or 80h)
     22
     23	0121  B8 4C00			 mov  ax, 4c00h
     24	0124  CD 21			 int  21h
     25
     26	0126			     half_column:
     27	0126  B8 001D			 mov ax, 1dh				 ;half column -> bx
     28	0129  B1 02			 mov cl, 02h
     29	012B  F6 F1			 div cl
     30	012D  32 E4			 xor ah, ah
     31
     32	012F  8A D8			 mov bl, al
     33	0131  32 FF			 xor bh, bh
     34	0133  FE C3			 inc bl
     35	0135  C3			 ret
     36
     37	0136			     half_string:
     38	0136  B8 0080			 mov ax, 80h				 ;half string -> cx
     39	0139  B1 02			 mov cl, 02h
     40	013B  F6 F1			 div cl
     41	013D  32 E4			 xor ah, ah
     42
     43	013F  8A C8			 mov cl, al
     44	0141  32 ED			 xor ch, ch
     45	0143  FE C1			 inc cl
     46	0145  C3			 ret
     47
     48	0146			     half_cmd_string:
     49	0146  53			 push bx
     50
     51	0147  BE 0080			 mov  si, 80h				 ;half cmd str -> ax
     52	014A  8A 04			 mov  al, byte ptr ds:[si]
     53	014C  B3 02			 mov  bl, 02h
     54	014E  F6 F3			 div  bl
     55	0150  32 E4			 xor  ah, ah
     56
     57	0152  5B			 pop  bx
Turbo Assembler	 Version 4.1	    02/11/26 17:24:10	    Page 2
a.asm



     58	0153  C3			 ret
     59
     60	0154			     calc_adress:
     61	0154  B0 80			 mov al, 80h				 ;adress arithmetics ->	bx
     62	0156  F6 E3			 mul bl
     63	0158  03 C1			 add ax, cx
     64	015A  8B D8			 mov bx, ax
     65	015C  C3			 ret
     66
     67				     end hui
Turbo Assembler	 Version 4.1	    02/11/26 17:24:10	    Page 3
Symbol Table




Symbol Name			  Type	 Value

??DATE				  Text	 "02/11/26"
??FILENAME			  Text	 "a	  "
??TIME				  Text	 "17:24:10"
??VERSION			  Number 040A
@32BIT				  Text	 0
@CODE				  Text	 DGROUP
@CODESIZE			  Text	 0
@CPU				  Text	 0101H
@CURSEG				  Text	 _TEXT
@DATA				  Text	 DGROUP
@DATASIZE			  Text	 0
@FILENAME			  Text	 A
@INTERFACE			  Text	 000H
@MODEL				  Text	 1
@STACK				  Text	 DGROUP
@WORDSIZE			  Text	 2
CALC_ADRESS			  Near	 DGROUP:0154
HALF_CMD_STRING			  Near	 DGROUP:0146
HALF_COLUMN			  Near	 DGROUP:0126
HALF_STRING			  Near	 DGROUP:0136
HUI				  Near	 DGROUP:0100

Groups & Segments		  Bit Size Align  Combine Class

DGROUP				  Group
  _DATA				  16  0000 Word	  Public  DATA
  _TEXT				  16  015D Word	  Public  CODE
